program
  int X,Y,XY;
begin
  input X;
  Y:=0;
  do
    input XY;
    output XY;
    Y:=Y+XY;
    X:=X-1;
  while[X>0]enddo;
  output Y;
end
7
-4
10
5
-9
9
