program
  int AbC,D;
  int F;
begin
  input AbC;
  input F;
  D:=F;
  do
    if[AbC>D]then
      AbC:=AbC-D;
    else
      D:=D-AbC;
    endif;
  while[AbC!=D]enddo;
  output D;
end
9
