program
  int x,y,z;
begin
  input x,y;
  z:=x;
  x:=y;
  y:=z;
  output x,y;
end
5
3
